2026-08-02T12:12:11.377Z start: 120 images to generate
2026-08-02T12:12:26.635Z ok i001 一心一意 (14KB) [1/120]
2026-08-02T12:12:47.104Z ok i002 千里馬 (14KB) [2/120]
2026-08-02T12:12:59.708Z ok i003 兩手空空 (17KB) [3/120]
2026-08-02T12:13:12.221Z ok i004 三心二意 (11KB) [4/120]
2026-08-02T12:13:33.009Z ok i005 十全十美 (21KB) [5/120]
2026-08-02T12:13:44.176Z ok i006 大同小異 (13KB) [6/120]
2026-08-02T12:13:55.987Z ok i007 火冒三丈 (15KB) [7/120]
2026-08-02T12:14:10.451Z ok i008 畫龍點睛 (35KB) [8/120]
2026-08-02T12:14:22.630Z ok i009 畫蛇添足 (20KB) [9/120]
2026-08-02T12:14:54.601Z ok i010 百聞不如一見 (18KB) [10/120]
2026-08-02T12:15:23.732Z ok i011 千變萬化 (15KB) [11/120]
2026-08-02T12:15:40.898Z ok i012 五光十色 (20KB) [12/120]
2026-08-02T12:15:50.309Z ok i013 四面楚歌 (20KB) [13/120]
2026-08-02T12:16:17.593Z ok i014 龍騰虎躍 (23KB) [14/120]
2026-08-02T12:16:32.026Z ok i015 虎頭蛇尾 (11KB) [15/120]
2026-08-02T12:16:51.233Z ok i016 目不轉睛 (20KB) [16/120]
2026-08-02T12:17:26.580Z ok i017 聲名狼藉 (20KB) [17/120]
2026-08-02T12:17:48.921Z ok i018 奮力直追 (12KB) [18/120]
2026-08-02T12:18:02.482Z ok i019 生龍活虎 (21KB) [19/120]
2026-08-02T12:18:15.765Z ok i020 一帆風順 (11KB) [20/120]
2026-08-02T12:18:32.898Z ok i021 百般刁難 (30KB) [21/120]
2026-08-02T12:18:46.855Z ok i022 春暖花開 (17KB) [22/120]
2026-08-02T12:18:58.148Z ok i023 齊頭並進 (13KB) [23/120]
2026-08-02T12:19:45.043Z ok i024 雨過天晴 (11KB) [24/120]
2026-08-02T12:19:56.257Z ok i025 七嘴八舌 (23KB) [25/120]
2026-08-02T12:20:25.252Z ok i026 安居樂業 (17KB) [26/120]
2026-08-02T12:20:38.024Z ok i027 頑強不屈 (11KB) [27/120]
2026-08-02T12:21:06.988Z ok i028 苦盡甘來 (13KB) [28/120]
2026-08-02T12:21:25.371Z ok i029 欣欣向榮 (24KB) [29/120]
2026-08-02T12:21:46.411Z ok i030 披荊斬棘 (19KB) [30/120]
2026-08-02T12:21:57.881Z ok i031 守株待兔 (21KB) [31/120]
2026-08-02T12:22:09.706Z ok i032 亡羊補牢 (23KB) [32/120]
2026-08-02T12:22:25.961Z ok i033 掩耳盜鈴 (22KB) [33/120]
2026-08-02T12:22:40.093Z ok i034 臨時抱佛腳 (25KB) [34/120]
2026-08-02T12:22:52.713Z ok i035 坐以待斃 (21KB) [35/120]
2026-08-02T12:23:17.157Z ok i036 臨危不懼 (28KB) [36/120]
2026-08-02T12:23:30.349Z FAIL i037 臨危授命: HTTP 503 {
  "error": {
    "code": 503,
    "message": "This model is currently experiencing high demand. Spikes in demand are usually temporary. Please try again later.",
    "status": "UNAVAILABLE"
  }
}

2026-08-02T12:23:57.923Z ok i038 明眼人 (33KB) [37/120]
2026-08-02T12:24:11.054Z ok i039 走投無路 (22KB) [38/120]
2026-08-02T12:24:27.285Z ok i040 黃粱一夢 (26KB) [39/120]
2026-08-02T12:24:44.941Z ok i041 庸人自擾 (23KB) [40/120]
2026-08-02T12:25:04.595Z ok i042 愚公移山 (29KB) [41/120]
2026-08-02T12:25:17.299Z ok i043 南轅北轍 (13KB) [42/120]
2026-08-02T12:25:52.397Z ok i044 杯弓蛇影 (19KB) [43/120]
2026-08-02T12:26:01.976Z ok i045 唇亡齒寒 (12KB) [44/120]
2026-08-02T12:26:19.695Z ok i046 樂不思蜀 (34KB) [45/120]
2026-08-02T12:26:30.590Z ok i047 分道揚鑣 (18KB) [46/120]
2026-08-02T12:26:55.836Z ok i048 汗牛充棟 (29KB) [47/120]
2026-08-02T12:27:19.268Z ok i049 鳳毛麟角 (18KB) [48/120]
2026-08-02T12:27:33.253Z ok i050 狐假虎威 (15KB) [49/120]
2026-08-02T12:27:44.828Z ok i051 老馬識途 (23KB) [50/120]
2026-08-02T12:28:00.001Z ok i052 披著羊皮的狼 (14KB) [51/120]
2026-08-02T12:28:22.300Z ok i053 千篇一律 (19KB) [52/120]
2026-08-02T12:28:44.674Z ok i054 無可厚非 (20KB) [53/120]
2026-08-02T12:28:58.053Z ok i055 禍在眼前 (16KB) [54/120]
2026-08-02T12:29:13.317Z ok i056 未雨綢繆 (21KB) [55/120]
2026-08-02T12:29:26.348Z ok i057 揠苗助長 (20KB) [56/120]
2026-08-02T12:29:42.047Z ok i058 豐功偉績 (36KB) [57/120]
2026-08-02T12:30:09.266Z ok i059 大器晚成 (22KB) [58/120]
2026-08-02T12:30:28.424Z FAIL i060 蛛絲馬跡: HTTP 503 {
  "error": {
    "code": 503,
    "message": "This model is currently experiencing high demand. Spikes in demand are usually temporary. Please try again later.",
    "status": "UNAVAILABLE"
  }
}

2026-08-02T12:31:00.759Z ok i061 水落石出 (25KB) [59/120]
2026-08-02T12:31:31.921Z ok i062 眾所周知 (15KB) [60/120]
2026-08-02T12:31:41.879Z ok i063 十年磨劍 (17KB) [61/120]
2026-08-02T12:32:03.639Z ok i064 卧虎藏龍 (19KB) [62/120]
2026-08-02T12:32:22.890Z ok i065 柳暗花明 (26KB) [63/120]
2026-08-02T12:32:59.166Z ok i066 峰迴路轉 (18KB) [64/120]
2026-08-02T12:33:23.289Z ok i067 一鳴驚人 (30KB) [65/120]
2026-08-02T12:34:02.120Z ok i068 厚積薄發 (19KB) [66/120]
2026-08-02T12:34:20.793Z ok i069 海納百川 (23KB) [67/120]
2026-08-02T12:34:46.828Z ok i070 百尺竿頭 (14KB) [68/120]
2026-08-02T12:35:04.348Z ok i201 一舉兩得 (12KB) [69/120]
2026-08-02T12:35:20.129Z ok i202 自言自語 (18KB) [70/120]
2026-08-02T12:35:36.308Z ok i203 不知不覺 (23KB) [71/120]
2026-08-02T12:35:55.331Z ok i204 東張西望 (20KB) [72/120]
2026-08-02T12:36:10.809Z ok i205 大吃一驚 (13KB) [73/120]
2026-08-02T12:36:27.268Z ok i206 依依不捨 (38KB) [74/120]
2026-08-02T12:36:43.273Z ok i207 興高采烈 (14KB) [75/120]
2026-08-02T12:36:53.293Z ok i208 手忙腳亂 (17KB) [76/120]
2026-08-02T12:37:05.452Z ok i209 五顏六色 (22KB) [77/120]
2026-08-02T12:37:24.498Z ok i210 四面八方 (16KB) [78/120]
2026-08-02T12:37:39.351Z ok i211 爭先恐後 (16KB) [79/120]
2026-08-02T12:37:49.553Z ok i212 一模一樣 (13KB) [80/120]
2026-08-02T12:38:18.882Z ok i213 半途而廢 (16KB) [81/120]
2026-08-02T12:38:48.668Z ok i214 日積月累 (19KB) [82/120]
2026-08-02T12:39:22.612Z FAIL i215 歡天喜地: HTTP 503 {
  "error": {
    "code": 503,
    "message": "This model is currently experiencing high demand. Spikes in demand are usually temporary. Please try again later.",
    "status": "UNAVAILABLE"
  }
}

2026-08-02T12:39:31.032Z FAIL i216 全神貫注: HTTP 503 {
  "error": {
    "code": 503,
    "message": "This model is currently experiencing high demand. Spikes in demand are usually temporary. Please try again later.",
    "status": "UNAVAILABLE"
  }
}

2026-08-02T12:39:53.700Z ok i217 無憂無慮 (19KB) [83/120]
2026-08-02T12:40:09.319Z ok i218 自由自在 (11KB) [84/120]
2026-08-02T12:40:44.546Z ok i219 理直氣壯 (17KB) [85/120]
2026-08-02T12:40:59.572Z ok i220 垂頭喪氣 (11KB) [86/120]
2026-08-02T12:41:59.558Z ok i221 眉開眼笑 (21KB) [87/120]
2026-08-02T12:42:09.475Z FAIL i222 異口同聲: HTTP 503 {
  "error": {
    "code": 503,
    "message": "This model is currently experiencing high demand. Spikes in demand are usually temporary. Please try again later.",
    "status": "UNAVAILABLE"
  }
}

2026-08-02T12:42:33.099Z ok i223 川流不息 (18KB) [88/120]
2026-08-02T12:42:55.971Z ok i224 風和日麗 (19KB) [89/120]
2026-08-02T12:43:27.043Z ok i225 萬紫千紅 (28KB) [90/120]
2026-08-02T12:43:44.986Z ok i226 鳥語花香 (17KB) [91/120]
2026-08-02T12:43:58.120Z ok i227 一絲不苟 (19KB) [92/120]
2026-08-02T12:44:22.872Z ok i228 井然有序 (14KB) [93/120]
2026-08-02T12:44:39.561Z ok i229 迫不及待 (21KB) [94/120]
2026-08-02T12:46:52.766Z ok i230 恍然大悟 (21KB) [95/120]
2026-08-02T12:47:16.909Z ok i231 再接再厲 (13KB) [96/120]
2026-08-02T12:47:40.474Z ok i232 精益求精 (21KB) [97/120]
2026-08-02T12:47:53.704Z ok i233 對牛彈琴 (12KB) [98/120]
2026-08-02T12:48:17.702Z ok i234 如魚得水 (17KB) [99/120]
2026-08-02T12:48:28.499Z ok i235 井底之蛙 (9KB) [100/120]
2026-08-02T12:48:37.739Z FAIL i236 自相矛盾: HTTP 503 {
  "error": {
    "code": 503,
    "message": "This model is currently experiencing high demand. Spikes in demand are usually temporary. Please try again later.",
    "status": "UNAVAILABLE"
  }
}

2026-08-02T12:48:57.839Z ok i237 濫竽充數 (21KB) [101/120]
2026-08-02T12:49:12.210Z ok i238 刻舟求劍 (15KB) [102/120]
2026-08-02T12:49:22.680Z ok i239 朝三暮四 (12KB) [103/120]
2026-08-02T12:49:49.188Z ok i240 半信半疑 (18KB) [104/120]
2026-08-02T12:50:10.847Z ok i241 津津有味 (20KB) [105/120]
2026-08-02T12:50:38.700Z ok i242 目瞪口呆 (18KB) [106/120]
2026-08-02T12:50:51.948Z ok i243 三顧茅廬 (16KB) [107/120]
2026-08-02T12:51:15.105Z ok i244 名落孫山 (22KB) [108/120]
2026-08-02T12:51:34.405Z ok i245 塞翁失馬 (23KB) [109/120]
2026-08-02T12:51:59.434Z ok i246 東施效顰 (30KB) [110/120]
2026-08-02T12:52:20.726Z ok i247 打草驚蛇 (23KB) [111/120]
2026-08-02T12:52:32.595Z ok i248 雪上加霜 (10KB) [112/120]
2026-08-02T12:52:42.224Z ok i249 錦囊妙計 (25KB) [113/120]
2026-08-02T12:52:59.162Z ok i250 舉一反三 (16KB) [114/120]
2026-08-02T12:53:01.662Z done: 114 ok, 6 failed
2026-08-02T12:57:59.678Z start: 100 images to generate
2026-08-02T12:58:10.973Z ok i037 臨危授命 (32KB) [1/100]
2026-08-02T12:58:19.896Z ok i060 蛛絲馬跡 (15KB) [2/100]
2026-08-02T12:59:49.010Z ok i215 歡天喜地 (18KB) [3/100]
2026-08-02T13:00:04.627Z ok i216 全神貫注 (23KB) [4/100]
2026-08-02T13:00:34.585Z FAIL i222 異口同聲: HTTP 503 {
  "error": {
    "code": 503,
    "message": "This model is currently experiencing high demand. Spikes in demand are usually temporary. Please try again later.",
    "status": "UNAVAILABLE"
  }
}

2026-08-02T13:00:49.247Z ok i236 自相矛盾 (22KB) [5/100]
2026-08-02T13:01:06.717Z ok i251 螳臂當車 (18KB) [6/100]
2026-08-02T13:01:30.897Z ok i252 畫餅充飢 (20KB) [7/100]
2026-08-02T13:01:45.734Z ok i253 掩人耳目 (18KB) [8/100]
2026-08-02T13:01:55.864Z ok i254 一箭雙鵰 (15KB) [9/100]
2026-08-02T13:02:05.897Z ok i255 見義勇為 (15KB) [10/100]
2026-08-02T13:02:22.986Z ok i256 樂善好施 (27KB) [11/100]
2026-08-02T13:02:38.033Z ok i257 專心致志 (14KB) [12/100]
2026-08-02T13:02:51.254Z ok i258 聚精會神 (11KB) [13/100]
2026-08-02T13:03:00.592Z ok i259 突飛猛進 (10KB) [14/100]
2026-08-02T13:03:16.066Z ok i260 一鼓作氣 (17KB) [15/100]
2026-08-02T13:03:26.594Z ok i261 千辛萬苦 (19KB) [16/100]
2026-08-02T13:03:37.258Z ok i262 不屈不撓 (16KB) [17/100]
2026-08-02T13:05:33.887Z ok i263 臥薪嘗膽 (22KB) [18/100]
2026-08-02T13:05:45.706Z ok i264 負荊請罪 (20KB) [19/100]
2026-08-02T13:05:55.034Z ok i265 完璧歸趙 (18KB) [20/100]
2026-08-02T13:06:08.791Z ok i266 毛遂自薦 (21KB) [21/100]
2026-08-02T13:06:19.701Z ok i267 紙上談兵 (21KB) [22/100]
2026-08-02T13:06:30.202Z ok i268 破釜沉舟 (31KB) [23/100]
2026-08-02T13:06:40.881Z ok i269 四通八達 (31KB) [24/100]
2026-08-02T13:07:00.616Z ok i270 五花八門 (38KB) [25/100]
2026-08-02T13:07:19.061Z ok i271 六神無主 (27KB) [26/100]
2026-08-02T13:07:31.989Z ok i272 七上八下 (14KB) [27/100]
2026-08-02T13:07:48.567Z ok i273 九牛一毛 (14KB) [28/100]
2026-08-02T13:08:04.056Z ok i274 十萬火急 (27KB) [29/100]
2026-08-02T13:08:16.782Z ok i275 百發百中 (18KB) [30/100]
2026-08-02T13:08:26.423Z ok i276 千鈞一髮 (19KB) [31/100]
2026-08-02T13:08:37.970Z ok i277 萬無一失 (11KB) [32/100]
2026-08-02T13:08:52.414Z ok i278 應接不暇 (26KB) [33/100]
2026-08-02T13:09:06.426Z ok i279 目不暇給 (42KB) [34/100]
2026-08-02T13:09:21.297Z ok i280 美不勝收 (43KB) [35/100]
2026-08-02T13:09:39.161Z ok i281 嘆為觀止 (35KB) [36/100]
2026-08-02T13:09:53.468Z ok i282 迥然不同 (15KB) [37/100]
2026-08-02T13:10:02.725Z ok i283 截然不同 (16KB) [38/100]
2026-08-02T13:10:13.888Z ok i284 大相逕庭 (18KB) [39/100]
2026-08-02T13:10:23.714Z ok i285 相輔相成 (15KB) [40/100]
2026-08-02T13:10:37.710Z ok i286 相得益彰 (9KB) [41/100]
2026-08-02T13:10:51.174Z ok i287 出類拔萃 (15KB) [42/100]
2026-08-02T13:11:02.323Z ok i288 名副其實 (14KB) [43/100]
2026-08-02T13:11:16.086Z ok i289 首屈一指 (16KB) [44/100]
2026-08-02T13:11:31.680Z ok i290 出神入化 (15KB) [45/100]
2026-08-02T13:11:43.954Z ok i291 爐火純青 (24KB) [46/100]
2026-08-02T13:11:56.380Z ok i292 登峰造極 (9KB) [47/100]
2026-08-02T13:12:09.546Z ok i293 貫徹始終 (15KB) [48/100]
2026-08-02T13:12:18.829Z ok i294 全力以赴 (9KB) [49/100]
2026-08-02T13:12:29.008Z ok i295 精疲力竭 (12KB) [50/100]
2026-08-02T13:12:39.983Z ok i296 事倍功半 (8KB) [51/100]
2026-08-02T13:12:52.976Z ok i297 事半功倍 (20KB) [52/100]
2026-08-02T13:13:05.898Z ok i298 觸類旁通 (9KB) [53/100]
2026-08-02T13:13:19.098Z ok i299 融會貫通 (13KB) [54/100]
2026-08-02T13:13:32.884Z ok i300 溫故知新 (18KB) [55/100]
2026-08-02T13:13:47.710Z ok i401 手舞足蹈 (10KB) [56/100]
2026-08-02T13:13:58.009Z ok i402 東奔西跑 (13KB) [57/100]
2026-08-02T13:14:07.695Z ok i403 大搖大擺 (16KB) [58/100]
2026-08-02T13:14:23.322Z ok i404 交頭接耳 (15KB) [59/100]
2026-08-02T13:14:35.413Z ok i405 面紅耳赤 (12KB) [60/100]
2026-08-02T13:14:47.473Z ok i406 張口結舌 (16KB) [61/100]
2026-08-02T13:14:59.965Z ok i407 搖頭晃腦 (12KB) [62/100]
2026-08-02T13:15:10.381Z ok i408 大名鼎鼎 (36KB) [63/100]
2026-08-02T13:15:22.610Z ok i409 二話不說 (13KB) [64/100]
2026-08-02T13:15:36.550Z ok i410 人山人海 (65KB) [65/100]
2026-08-02T13:15:46.682Z ok i411 車水馬龍 (53KB) [66/100]
2026-08-02T13:16:03.216Z ok i412 良師益友 (20KB) [67/100]
2026-08-02T13:16:13.953Z ok i413 一言為定 (11KB) [68/100]
2026-08-02T13:16:24.404Z ok i414 百依百順 (11KB) [69/100]
2026-08-02T13:16:39.038Z ok i415 千軍萬馬 (46KB) [70/100]
2026-08-02T13:16:48.645Z ok i416 萬眾一心 (22KB) [71/100]
2026-08-02T13:17:02.443Z ok i417 眾志成城 (40KB) [72/100]
2026-08-02T13:17:13.853Z ok i418 風平浪靜 (11KB) [73/100]
2026-08-02T13:17:57.438Z ok i419 花好月圓 (29KB) [74/100]
2026-08-02T13:18:15.754Z ok i420 秋高氣爽 (20KB) [75/100]
2026-08-02T13:18:36.298Z ok i421 冰天雪地 (11KB) [76/100]
2026-08-02T13:18:50.943Z ok i422 寒風刺骨 (15KB) [77/100]
2026-08-02T13:19:01.555Z ok i423 春風滿面 (16KB) [78/100]
2026-08-02T13:19:20.502Z ok i424 笑容可掬 (15KB) [79/100]
2026-08-02T13:19:31.765Z ok i425 綠樹成蔭 (15KB) [80/100]
2026-08-02T13:19:41.574Z ok i426 狼吞虎嚥 (22KB) [81/100]
2026-08-02T13:19:52.277Z ok i427 垂涎三尺 (20KB) [82/100]
2026-08-02T13:20:02.188Z ok i428 飢腸轆轆 (13KB) [83/100]
2026-08-02T13:20:16.577Z ok i429 白紙黑字 (20KB) [84/100]
2026-08-02T13:20:31.394Z ok i430 一清二楚 (15KB) [85/100]
2026-08-02T13:20:49.577Z ok i431 一乾二淨 (17KB) [86/100]
2026-08-02T13:20:59.015Z ok i432 三三兩兩 (17KB) [87/100]
2026-08-02T13:21:13.775Z ok i433 五湖四海 (20KB) [88/100]
2026-08-02T13:21:26.554Z ok i434 八面玲瓏 (14KB) [89/100]
2026-08-02T13:21:36.846Z ok i435 九死一生 (14KB) [90/100]
2026-08-02T13:21:46.742Z ok i436 十拿九穩 (22KB) [91/100]
2026-08-02T13:21:57.522Z ok i437 百年樹人 (26KB) [92/100]
2026-08-02T13:22:06.951Z ok i438 千方百計 (16KB) [93/100]
2026-08-02T13:22:17.632Z ok i439 千言萬語 (15KB) [94/100]
2026-08-02T13:22:31.702Z ok i440 萬水千山 (12KB) [95/100]
2026-08-02T13:22:45.470Z ok i441 三令五申 (31KB) [96/100]
2026-08-02T13:22:54.349Z ok i442 四平八穩 (15KB) [97/100]
2026-08-02T13:23:11.135Z ok i443 五體投地 (18KB) [98/100]
2026-08-02T13:23:22.526Z ok i444 七拼八湊 (31KB) [99/100]
2026-08-02T13:23:25.028Z done: 99 ok, 1 failed
2026-08-02T15:14:09.485Z start: 150 images to generate
2026-08-02T15:14:25.665Z ok i071 不言而喻 (15KB) [1/150]
2026-08-02T15:14:40.884Z ok i072 才高八斗 (31KB) [2/150]
2026-08-02T15:14:55.354Z ok i073 差強人意 (19KB) [3/150]
2026-08-02T15:15:07.001Z ok i074 緣木求魚 (12KB) [4/150]
2026-08-02T15:15:18.338Z ok i075 萬古長青 (21KB) [5/150]
2026-08-02T15:15:29.497Z ok i076 文質彬彬 (25KB) [6/150]
2026-08-02T15:15:45.002Z ok i077 韋編三絕 (38KB) [7/150]
2026-08-02T15:15:55.883Z ok i078 德高望重 (31KB) [8/150]
2026-08-02T15:16:09.712Z ok i079 志在千里 (16KB) [9/150]
2026-08-02T15:16:21.840Z ok i080 初出茅廬 (22KB) [10/150]
2026-08-02T15:16:35.776Z ok i081 乘風破浪 (15KB) [11/150]
2026-08-02T15:16:45.414Z ok i082 志同道合 (18KB) [12/150]
2026-08-02T15:16:59.624Z ok i083 任重道遠 (15KB) [13/150]
2026-08-02T15:17:10.857Z ok i084 卓爾不群 (13KB) [14/150]
2026-08-02T15:17:26.859Z ok i085 胸有成竹 (21KB) [15/150]
2026-08-02T15:17:36.067Z ok i086 千錘百煉 (14KB) [16/150]
2026-08-02T15:17:53.336Z ok i087 自強不息 (12KB) [17/150]
2026-08-02T15:18:03.868Z ok i088 厚德載物 (17KB) [18/150]
2026-08-02T15:18:13.502Z ok i089 寧靜致遠 (16KB) [19/150]
2026-08-02T15:18:31.865Z ok i090 明德格物 (24KB) [20/150]
2026-08-02T15:18:47.491Z ok i091 修身齊家 (11KB) [21/150]
2026-08-02T15:19:09.292Z ok i092 立德立功 (16KB) [22/150]
2026-08-02T15:19:30.774Z ok i093 發奮圖強 (11KB) [23/150]
2026-08-02T15:20:54.506Z ok i094 孜孜不倦 (19KB) [24/150]
2026-08-02T15:21:14.817Z ok i095 奮發有為 (15KB) [25/150]
2026-08-02T15:21:48.665Z ok i096 韜光養晦 (21KB) [26/150]
2026-08-02T15:22:14.993Z ok i097 寶貴難求 (18KB) [27/150]
2026-08-02T15:22:39.169Z ok i098 矢志不移 (17KB) [28/150]
2026-08-02T15:22:59.645Z ok i099 發憤圖強 (15KB) [29/150]
2026-08-02T15:23:13.913Z ok i100 舍本逐末 (15KB) [30/150]
2026-08-02T15:23:45.725Z ok i101 歷久彌新 (27KB) [31/150]
2026-08-02T15:24:01.052Z ok i102 與時俱進 (17KB) [32/150]
2026-08-02T15:24:15.554Z ok i103 因人而異 (16KB) [33/150]
2026-08-02T15:24:36.253Z ok i104 錦上添花 (32KB) [34/150]
2026-08-02T15:24:56.497Z ok i105 雪中送炭 (13KB) [35/150]
2026-08-02T15:25:09.599Z ok i106 瓜田李下 (15KB) [36/150]
2026-08-02T15:25:21.740Z ok i107 勞而無功 (20KB) [37/150]
2026-08-02T15:25:37.172Z ok i108 囊螢映雪 (21KB) [38/150]
2026-08-02T15:25:47.808Z ok i109 鑿壁偷光 (19KB) [39/150]
2026-08-02T15:25:57.399Z ok i110 刻苦銘心 (16KB) [40/150]
2026-08-02T15:26:07.211Z ok i111 一葉知秋 (19KB) [41/150]
2026-08-02T15:26:19.288Z ok i112 由淺入深 (15KB) [42/150]
2026-08-02T15:26:36.784Z ok i113 聞雞起舞 (18KB) [43/150]
2026-08-02T15:26:55.123Z ok i114 廢寢忘食 (18KB) [44/150]
2026-08-02T15:27:05.386Z ok i115 見風轉舵 (12KB) [45/150]
2026-08-02T15:27:18.025Z ok i116 臨陣退縮 (15KB) [46/150]
2026-08-02T15:27:29.148Z ok i117 背水一戰 (18KB) [47/150]
2026-08-02T15:27:39.562Z ok i118 十年寒窗 (23KB) [48/150]
2026-08-02T15:27:55.039Z ok i119 棄甲曳兵 (16KB) [49/150]
2026-08-02T15:28:05.095Z ok i120 不知所云 (14KB) [50/150]
2026-08-02T15:28:15.691Z ok i121 莫衷一是 (15KB) [51/150]
2026-08-02T15:28:31.382Z ok i122 殫精竭慮 (26KB) [52/150]
2026-08-02T15:28:51.304Z ok i123 語無倫次 (18KB) [53/150]
2026-08-02T15:29:03.931Z ok i124 含英咀華 (29KB) [54/150]
2026-08-02T15:31:30.187Z ok i125 文風不動 (17KB) [55/150]
2026-08-02T15:31:44.787Z ok i126 談笑自若 (28KB) [56/150]
2026-08-02T15:32:03.236Z ok i127 廣場無垢 (17KB) [57/150]
2026-08-02T15:32:19.265Z ok i128 坦蕩蕩 (13KB) [58/150]
2026-08-02T15:32:30.972Z ok i129 芒刺在背 (22KB) [59/150]
2026-08-02T15:32:41.417Z ok i130 狼狽不堪 (17KB) [60/150]
2026-08-02T15:32:52.076Z ok i131 鶴立雞群 (13KB) [61/150]
2026-08-02T15:33:06.980Z ok i132 峨眉山月 (12KB) [62/150]
2026-08-02T15:33:25.189Z ok i133 月朦朧 (9KB) [63/150]
2026-08-02T15:33:38.071Z ok i134 清風明月 (11KB) [64/150]
2026-08-02T15:33:48.676Z ok i135 白雲蒼狗 (14KB) [65/150]
2026-08-02T15:33:57.712Z ok i136 風雨飄搖 (20KB) [66/150]
2026-08-02T15:34:07.425Z ok i137 烈火烹油 (16KB) [67/150]
2026-08-02T15:34:21.819Z ok i138 天搖地動 (13KB) [68/150]
2026-08-02T15:34:32.189Z ok i139 罄竹難書 (41KB) [69/150]
2026-08-02T15:34:49.518Z ok i140 篳路藍縷 (22KB) [70/150]
2026-08-02T15:35:07.680Z ok i141 磊落光明 (14KB) [71/150]
2026-08-02T15:35:22.780Z ok i142 寶劍出鞘 (17KB) [72/150]
2026-08-02T15:35:33.408Z ok i143 馬到成功 (14KB) [73/150]
2026-08-02T15:35:44.016Z ok i144 層峰迭起 (10KB) [74/150]
2026-08-02T15:35:54.392Z ok i145 高山仰止 (16KB) [75/150]
2026-08-02T15:36:04.187Z ok i146 翼翼小心 (15KB) [76/150]
2026-08-02T15:36:15.375Z ok i147 枝葉扶蘇 (15KB) [77/150]
2026-08-02T15:36:24.096Z ok i148 根深葉茂 (14KB) [78/150]
2026-08-02T15:36:39.343Z ok i149 勢如破竹 (15KB) [79/150]
2026-08-02T15:36:56.444Z ok i150 所向披靡 (10KB) [80/150]
2026-08-02T15:37:29.002Z ok i151 旭日東昇 (14KB) [81/150]
2026-08-02T15:37:52.029Z ok i152 滄桑歲月 (13KB) [82/150]
2026-08-02T15:38:25.519Z FAIL i153 蒼涼悲壯: HTTP 503 {
  "error": {
    "code": 503,
    "message": "This model is currently experiencing high demand. Spikes in demand are usually temporary. Please try again later.",
    "status": "UNAVAILABLE"
  }
}

2026-08-02T15:38:36.526Z ok i154 惟妙惟肖 (24KB) [83/150]
2026-08-02T15:38:57.791Z ok i155 栩栩如生 (20KB) [84/150]
2026-08-02T15:39:14.778Z ok i156 笑靨如花 (13KB) [85/150]
2026-08-02T15:39:34.891Z ok i157 傾國傾城 (38KB) [86/150]
2026-08-02T15:39:43.009Z FAIL i158 冰清玉潔: HTTP 503 {
  "error": {
    "code": 503,
    "message": "This model is currently experiencing high demand. Spikes in demand are usually temporary. Please try again later.",
    "status": "UNAVAILABLE"
  }
}

2026-08-02T15:40:05.395Z ok i159 玲瓏剔透 (24KB) [87/150]
2026-08-02T15:40:19.775Z ok i160 超塵拔俗 (11KB) [88/150]
2026-08-02T15:40:32.534Z ok i161 生死相許 (14KB) [89/150]
2026-08-02T15:40:54.200Z ok i162 海誓山盟 (12KB) [90/150]
2026-08-02T15:41:09.407Z ok i163 矢志不渝 (15KB) [91/150]
2026-08-02T15:41:33.394Z ok i164 一往情深 (16KB) [92/150]
2026-08-02T15:41:52.159Z ok i165 柔腸百結 (10KB) [93/150]
2026-08-02T15:42:07.173Z ok i166 傷心欲絕 (10KB) [94/150]
2026-08-02T15:42:31.762Z ok i167 相思成災 (16KB) [95/150]
2026-08-02T15:42:48.501Z ok i168 萬千思緒 (12KB) [96/150]
2026-08-02T15:43:06.708Z ok i169 春風化雨 (15KB) [97/150]
2026-08-02T15:43:17.850Z ok i170 暗送秋波 (12KB) [98/150]
2026-08-02T15:43:26.509Z ok i171 卿卿我我 (12KB) [99/150]
2026-08-02T15:43:40.651Z ok i172 如膠似漆 (13KB) [100/150]
2026-08-02T15:43:51.065Z ok i173 魂牽夢縈 (16KB) [101/150]
2026-08-02T15:44:00.086Z ok i174 惴惴不安 (16KB) [102/150]
2026-08-02T15:44:13.940Z ok i175 楚楚可憐 (17KB) [103/150]
2026-08-02T15:44:25.226Z ok i176 蝸牛角上爭何事 (13KB) [104/150]
2026-08-02T15:44:37.125Z ok i177 滄海遺珠 (16KB) [105/150]
2026-08-02T15:44:51.536Z ok i178 木秀於林 (12KB) [106/150]
2026-08-02T15:45:05.646Z ok i179 堆垛如山 (28KB) [107/150]
2026-08-02T15:45:26.748Z ok i180 寸寸肝腸 (13KB) [108/150]
2026-08-02T15:45:47.065Z ok i181 涕零如麻 (27KB) [109/150]
2026-08-02T15:45:56.719Z ok i182 肝膽相照 (12KB) [110/150]
2026-08-02T15:46:10.354Z ok i183 骨肉之親 (14KB) [111/150]
2026-08-02T15:46:25.968Z ok i184 親密無間 (12KB) [112/150]
2026-08-02T15:46:48.509Z ok i185 手足之情 (15KB) [113/150]
2026-08-02T15:47:03.960Z ok i186 同舟共濟 (18KB) [114/150]
2026-08-02T15:47:23.477Z ok i187 患難與共 (16KB) [115/150]
2026-08-02T15:47:48.242Z ok i188 秋毫無犯 (23KB) [116/150]
2026-08-02T15:48:16.813Z ok i189 廉潔奉公 (27KB) [117/150]
2026-08-02T15:48:59.606Z ok i190 兩袖清風 (20KB) [118/150]
2026-08-02T15:49:11.534Z ok i191 一塵不染 (13KB) [119/150]
2026-08-02T15:49:40.801Z ok i192 鶴發童顏 (23KB) [120/150]
2026-08-02T15:49:55.793Z ok i193 蒼顏白髮 (13KB) [121/150]
2026-08-02T15:50:16.389Z ok i194 老態龍鍾 (18KB) [122/150]
2026-08-02T15:50:40.772Z ok i195 矍鑠有神 (21KB) [123/150]
2026-08-02T15:51:05.771Z ok i196 精神煥發 (18KB) [124/150]
2026-08-02T15:51:37.080Z ok i197 容光煥發 (19KB) [125/150]
2026-08-02T15:52:01.265Z ok i198 丰采奕奕 (16KB) [126/150]
2026-08-02T15:52:09.820Z FAIL i199 眉清目秀: HTTP 503 {
  "error": {
    "code": 503,
    "message": "This model is currently experiencing high demand. Spikes in demand are usually temporary. Please try again later.",
    "status": "UNAVAILABLE"
  }
}

2026-08-02T15:52:31.074Z ok i200 傾城傾國 (12KB) [127/150]
2026-08-02T15:52:49.314Z ok i222 異口同聲 (14KB) [128/150]
2026-08-02T15:53:02.588Z ok i301 不速之客 (20KB) [129/150]
2026-08-02T15:53:13.808Z ok i302 別出心裁 (17KB) [130/150]
2026-08-02T15:53:26.536Z ok i303 匠心獨運 (23KB) [131/150]
2026-08-02T15:53:35.726Z ok i304 一針見血 (12KB) [132/150]
2026-08-02T15:53:47.264Z ok i305 判若兩人 (13KB) [133/150]
2026-08-02T15:53:57.207Z ok i306 咄咄逼人 (12KB) [134/150]
2026-08-02T15:54:08.422Z ok i307 姍姍來遲 (21KB) [135/150]
2026-08-02T15:54:26.487Z ok i308 家喻戶曉 (40KB) [136/150]
2026-08-02T15:54:36.551Z ok i309 屈指可數 (11KB) [137/150]
2026-08-02T15:54:47.011Z ok i310 巧奪天工 (49KB) [138/150]
2026-08-02T15:54:57.366Z ok i311 心曠神怡 (12KB) [139/150]
2026-08-02T15:55:06.967Z ok i312 愛不釋手 (13KB) [140/150]
2026-08-02T15:55:17.258Z ok i313 明察秋毫 (19KB) [141/150]
2026-08-02T15:55:25.860Z ok i314 東山再起 (9KB) [142/150]
2026-08-02T15:55:36.163Z ok i315 心不在焉 (18KB) [143/150]
2026-08-02T15:55:46.134Z ok i316 名列前茅 (18KB) [144/150]
2026-08-02T15:55:49.636Z FAIL i317 樂此不疲: no image: {"candidates":[{"content":{"parts":[{"text":"Absolutely, I can create that for you! Here's a warm, friendly cartoon illustration for \"樂此不疲\" in a chi
2026-08-02T15:55:58.907Z ok i318 毛骨悚然 (18KB) [145/150]
2026-08-02T15:56:08.153Z ok i319 氣宇軒昂 (17KB) [146/150]
2026-08-02T15:56:10.655Z done: 146 ok, 4 failed
2026-08-02T15:56:41.651Z start: 150 images to generate
2026-08-02T15:56:48.686Z ok i153 蒼涼悲壯 (15KB) [1/150]
2026-08-02T15:56:57.470Z ok i158 冰清玉潔 (10KB) [2/150]
2026-08-02T15:57:15.294Z ok i199 眉清目秀 (16KB) [3/150]
2026-08-02T15:57:25.949Z ok i317 樂此不疲 (22KB) [4/150]
2026-08-02T15:57:51.551Z ok i320 洛陽紙貴 (44KB) [5/150]
2026-08-02T15:58:00.693Z ok i321 津津樂道 (22KB) [6/150]
2026-08-02T15:58:10.226Z ok i322 無動於衷 (11KB) [7/150]
2026-08-02T15:58:19.666Z ok i323 無懈可擊 (26KB) [8/150]
2026-08-02T15:58:35.297Z ok i324 相形見絀 (15KB) [9/150]
2026-08-02T15:58:52.478Z ok i325 眼花撩亂 (15KB) [10/150]
2026-08-02T15:59:01.707Z ok i326 義不容辭 (20KB) [11/150]
2026-08-02T15:59:11.649Z ok i327 耳濡目染 (21KB) [12/150]
2026-08-02T15:59:21.933Z ok i328 膾炙人口 (44KB) [13/150]
2026-08-02T15:59:32.922Z ok i329 言簡意賅 (19KB) [14/150]
2026-08-02T15:59:42.096Z ok i330 趨之若鶩 (20KB) [15/150]
2026-08-02T15:59:51.362Z ok i331 迎刃而解 (25KB) [16/150]
2026-08-02T16:00:01.732Z ok i332 適得其反 (27KB) [17/150]
2026-08-02T16:00:11.041Z ok i333 鍥而不捨 (33KB) [18/150]
2026-08-02T16:00:39.238Z ok i334 開門見山 (17KB) [19/150]
2026-08-02T16:01:02.948Z ok i335 集思廣益 (21KB) [20/150]
2026-08-02T16:01:30.909Z ok i336 面面相覷 (16KB) [21/150]
2026-08-02T16:01:41.135Z ok i337 顧名思義 (13KB) [22/150]
2026-08-02T16:01:51.107Z ok i338 首當其衝 (13KB) [23/150]
2026-08-02T16:02:00.383Z ok i339 駕輕就熟 (20KB) [24/150]
2026-08-02T16:02:15.531Z ok i340 高瞻遠矚 (12KB) [25/150]
2026-08-02T16:02:25.352Z ok i341 鴉雀無聲 (19KB) [26/150]
2026-08-02T16:02:36.475Z ok i342 口若懸河 (15KB) [27/150]
2026-08-02T16:02:57.318Z ok i343 侃侃而談 (28KB) [28/150]
2026-08-02T16:03:07.525Z ok i344 滔滔不絕 (20KB) [29/150]
2026-08-02T16:03:27.471Z ok i345 一暴十寒 (14KB) [30/150]
2026-08-02T16:03:36.937Z ok i346 人云亦云 (11KB) [31/150]
2026-08-02T16:03:46.843Z ok i347 以訛傳訛 (17KB) [32/150]
2026-08-02T16:03:57.102Z ok i348 好高騖遠 (20KB) [33/150]
2026-08-02T16:04:06.625Z ok i349 始作俑者 (29KB) [34/150]
2026-08-02T16:04:16.105Z ok i350 杞人憂天 (14KB) [35/150]
2026-08-02T16:04:27.083Z ok i351 白駒過隙 (10KB) [36/150]
2026-08-02T16:04:37.642Z ok i352 滄海桑田 (17KB) [37/150]
2026-08-02T16:04:47.924Z ok i353 曇花一現 (19KB) [38/150]
2026-08-02T16:04:57.369Z ok i354 明日黃花 (22KB) [39/150]
2026-08-02T16:05:07.195Z ok i355 甘之如飴 (17KB) [40/150]
2026-08-02T16:05:16.636Z ok i356 手不釋卷 (19KB) [41/150]
2026-08-02T16:05:26.617Z ok i357 披星戴月 (10KB) [42/150]
2026-08-02T16:05:37.538Z ok i358 豁然開朗 (14KB) [43/150]
2026-08-02T16:05:47.556Z ok i359 過猶不及 (11KB) [44/150]
2026-08-02T16:05:57.973Z ok i360 瑕不掩瑜 (11KB) [45/150]
2026-08-02T16:06:08.731Z ok i361 眾矢之的 (23KB) [46/150]
2026-08-02T16:06:21.555Z ok i362 噤若寒蟬 (21KB) [47/150]
2026-08-02T16:06:30.760Z ok i363 懸梁刺股 (30KB) [48/150]
2026-08-02T16:06:40.456Z ok i364 焚膏繼晷 (26KB) [49/150]
2026-08-02T16:06:51.192Z ok i365 目不識丁 (19KB) [50/150]
2026-08-02T16:07:00.318Z ok i366 鵬程萬里 (17KB) [51/150]
2026-08-02T16:07:10.351Z ok i367 頭角崢嶸 (24KB) [52/150]
2026-08-02T16:07:20.065Z ok i368 邯鄲學步 (23KB) [53/150]
2026-08-02T16:07:30.111Z ok i369 越俎代庖 (24KB) [54/150]
2026-08-02T16:07:39.592Z ok i370 指鹿為馬 (17KB) [55/150]
2026-08-02T16:07:49.462Z ok i371 圖窮匕見 (14KB) [56/150]
2026-08-02T16:07:58.647Z ok i372 金蟬脫殼 (19KB) [57/150]
2026-08-02T16:08:08.325Z ok i373 閉門造車 (31KB) [58/150]
2026-08-02T16:08:18.799Z ok i374 陽奉陰違 (21KB) [59/150]
2026-08-02T16:08:28.783Z ok i375 隔靴搔癢 (16KB) [60/150]
2026-08-02T16:08:39.212Z ok i376 雕蟲小技 (24KB) [61/150]
2026-08-02T16:08:48.601Z ok i377 敝帚自珍 (18KB) [62/150]
2026-08-02T16:08:59.848Z ok i378 數典忘祖 (30KB) [63/150]
2026-08-02T16:09:11.143Z ok i379 文過飾非 (15KB) [64/150]
2026-08-02T16:09:24.603Z ok i380 穿鑿附會 (15KB) [65/150]
2026-08-02T16:09:34.033Z ok i381 貽笑大方 (20KB) [66/150]
2026-08-02T16:09:43.152Z ok i382 剛愎自用 (14KB) [67/150]
2026-08-02T16:09:57.008Z ok i383 動輒得咎 (17KB) [68/150]
2026-08-02T16:10:06.085Z ok i384 尸位素餐 (22KB) [69/150]
2026-08-02T16:10:20.979Z ok i385 沆瀣一氣 (12KB) [70/150]
2026-08-02T16:10:31.012Z ok i386 暴殄天物 (27KB) [71/150]
2026-08-02T16:10:40.798Z ok i387 鞭辟入裡 (20KB) [72/150]
2026-08-02T16:10:53.179Z ok i388 醍醐灌頂 (14KB) [73/150]
2026-08-02T16:11:02.808Z ok i389 曲突徙薪 (21KB) [74/150]
2026-08-02T16:11:11.993Z ok i390 每下愈況 (15KB) [75/150]
2026-08-02T16:11:21.506Z ok i391 危如累卵 (10KB) [76/150]
2026-08-02T16:11:30.847Z ok i392 大放厥詞 (22KB) [77/150]
2026-08-02T16:11:40.068Z ok i393 沐猴而冠 (19KB) [78/150]
2026-08-02T16:11:53.199Z ok i394 膠柱鼓瑟 (17KB) [79/150]
2026-08-02T16:12:02.729Z ok i395 蚍蜉撼樹 (15KB) [80/150]
2026-08-02T16:12:21.441Z ok i396 觥籌交錯 (52KB) [81/150]
2026-08-02T16:12:31.659Z ok i397 諱莫如深 (29KB) [82/150]
2026-08-02T16:12:43.868Z ok i398 飲鴆止渴 (16KB) [83/150]
2026-08-02T16:13:00.652Z ok i399 黔驢技窮 (17KB) [84/150]
2026-08-02T16:13:30.856Z ok i400 顛沛流離 (18KB) [85/150]
2026-08-02T16:13:40.644Z ok i445 亂七八糟 (28KB) [86/150]
2026-08-02T16:13:50.873Z ok i446 千奇百怪 (30KB) [87/150]
2026-08-02T16:13:59.772Z ok i447 口是心非 (12KB) [88/150]
2026-08-02T16:14:08.737Z ok i448 有始有終 (9KB) [89/150]
2026-08-02T16:14:19.200Z ok i449 自告奮勇 (19KB) [90/150]
2026-08-02T16:14:27.757Z ok i450 小心翼翼 (13KB) [91/150]
2026-08-02T16:14:37.958Z ok i451 喜出望外 (24KB) [92/150]
2026-08-02T16:14:54.170Z ok i452 忐忑不安 (11KB) [93/150]
2026-08-02T16:15:03.695Z ok i453 無精打采 (13KB) [94/150]
2026-08-02T16:15:14.099Z ok i454 興致勃勃 (16KB) [95/150]
2026-08-02T16:15:27.926Z ok i455 依依難捨 (23KB) [96/150]
2026-08-02T16:16:11.116Z ok i456 情不自禁 (12KB) [97/150]
2026-08-02T16:16:23.773Z ok i457 不由自主 (18KB) [98/150]
2026-08-02T16:16:35.011Z ok i458 破涕為笑 (12KB) [99/150]
2026-08-02T16:16:44.810Z ok i459 淚流滿面 (17KB) [100/150]
2026-08-02T16:16:59.370Z ok i460 百感交集 (18KB) [101/150]
2026-08-02T16:17:09.205Z ok i461 歷歷在目 (20KB) [102/150]
2026-08-02T16:17:19.698Z ok i462 記憶猶新 (13KB) [103/150]
2026-08-02T16:17:30.747Z ok i463 煥然一新 (22KB) [104/150]
2026-08-02T16:17:44.928Z ok i464 五彩繽紛 (29KB) [105/150]
2026-08-02T16:18:01.061Z ok i465 爭奇鬥豔 (27KB) [106/150]
2026-08-02T16:18:12.104Z ok i466 生機盎然 (25KB) [107/150]
2026-08-02T16:18:24.374Z ok i467 枝繁葉茂 (18KB) [108/150]
2026-08-02T16:18:39.339Z ok i468 碩果僅存 (15KB) [109/150]
2026-08-02T16:18:49.990Z ok i469 從容不迫 (20KB) [110/150]
2026-08-02T16:18:59.927Z ok i470 手足無措 (11KB) [111/150]
2026-08-02T16:19:09.067Z ok i471 若無其事 (16KB) [112/150]
2026-08-02T16:19:18.913Z ok i472 屏氣凝神 (17KB) [113/150]
2026-08-02T16:19:36.212Z ok i473 聚沙成塔 (16KB) [114/150]
2026-08-02T16:19:45.954Z ok i474 滴水穿石 (15KB) [115/150]
2026-08-02T16:19:55.452Z ok i475 念念不忘 (15KB) [116/150]
2026-08-02T16:20:12.582Z ok i476 戀戀不捨 (18KB) [117/150]
2026-08-02T16:20:24.508Z ok i477 朝思暮想 (11KB) [118/150]
2026-08-02T16:20:35.131Z ok i478 望眼欲穿 (16KB) [119/150]
2026-08-02T16:20:45.761Z ok i479 如願以償 (21KB) [120/150]
2026-08-02T16:20:56.419Z ok i480 夢寐以求 (21KB) [121/150]
2026-08-02T16:21:06.448Z ok i481 大失所望 (15KB) [122/150]
2026-08-02T16:21:21.128Z ok i482 出乎意料 (10KB) [123/150]
2026-08-02T16:21:34.456Z ok i483 恰到好處 (14KB) [124/150]
2026-08-02T16:21:47.945Z ok i484 一舉成名 (24KB) [125/150]
2026-08-02T16:22:01.510Z ok i485 脫穎而出 (15KB) [126/150]
2026-08-02T16:22:10.512Z ok i486 名不虛傳 (21KB) [127/150]
2026-08-02T16:22:29.927Z ok i487 有口皆碑 (26KB) [128/150]
2026-08-02T16:22:39.101Z ok i488 讚不絕口 (13KB) [129/150]
2026-08-02T16:22:52.904Z ok i489 刮目相看 (17KB) [130/150]
2026-08-02T16:23:06.265Z ok i490 另眼相看 (18KB) [131/150]
2026-08-02T16:23:16.397Z ok i491 受寵若驚 (28KB) [132/150]
2026-08-02T16:23:32.315Z ok i492 感激不盡 (33KB) [133/150]
2026-08-02T16:23:52.776Z ok i493 沒齒難忘 (27KB) [134/150]
2026-08-02T16:24:11.565Z ok i494 投桃報李 (17KB) [135/150]
2026-08-02T16:24:44.635Z ok i495 慷慨解囊 (21KB) [136/150]
2026-08-02T16:25:01.704Z ok i496 拋頭露面 (20KB) [137/150]
2026-08-02T16:25:23.767Z ok i497 拾金不昧 (17KB) [138/150]
2026-08-02T16:25:47.485Z ok i498 路不拾遺 (19KB) [139/150]
2026-08-02T16:26:03.124Z ok i499 井水不犯河水 (12KB) [140/150]
2026-08-02T16:26:16.955Z ok i500 集腋成裘 (25KB) [141/150]
2026-08-02T16:26:32.714Z ok i501 一目了然 (13KB) [142/150]
2026-08-02T16:26:53.059Z ok i502 一視同仁 (19KB) [143/150]
2026-08-02T16:27:03.845Z ok i503 有條不紊 (33KB) [144/150]
2026-08-02T16:27:21.068Z ok i504 不遺餘力 (11KB) [145/150]
2026-08-02T16:28:00.825Z ok i505 不勝枚舉 (51KB) [146/150]
2026-08-02T16:28:15.745Z ok i506 捲土重來 (19KB) [147/150]
2026-08-02T16:28:39.478Z ok i507 不翼而飛 (18KB) [148/150]
2026-08-02T16:28:51.881Z ok i508 不脛而走 (19KB) [149/150]
2026-08-02T16:29:19.273Z ok i509 水洩不通 (44KB) [150/150]
2026-08-02T16:29:21.775Z done: 150 ok, 0 failed
2026-08-02T16:31:03.971Z start: 150 images to generate
2026-08-02T16:33:17.982Z ok i510 門庭若市 (36KB) [1/150]
2026-08-02T16:33:30.964Z ok i511 門可羅雀 (22KB) [2/150]
2026-08-02T16:33:43.431Z ok i512 絡繹不絕 (34KB) [3/150]
2026-08-02T16:33:56.521Z ok i513 摩肩接踵 (39KB) [4/150]
2026-08-02T16:34:21.512Z ok i514 座無虛席 (46KB) [5/150]
2026-08-02T16:34:52.329Z ok i515 高朋滿座 (45KB) [6/150]
2026-08-02T16:35:14.717Z ok i516 賓至如歸 (24KB) [7/150]
2026-08-02T16:35:29.820Z FAIL i517 無微不至: HTTP 503 {
  "error": {
    "code": 503,
    "message": "This model is currently experiencing high demand. Spikes in demand are usually temporary. Please try again later.",
    "status": "UNAVAILABLE"
  }
}

2026-08-02T16:35:45.390Z ok i518 體貼入微 (11KB) [8/150]
2026-08-02T16:36:30.446Z ok i519 感同身受 (13KB) [9/150]
2026-08-02T16:36:57.664Z ok i520 設身處地 (12KB) [10/150]
2026-08-02T16:37:28.346Z ok i521 將心比心 (14KB) [11/150]
2026-08-02T16:37:42.584Z ok i522 同甘共苦 (15KB) [12/150]
2026-08-02T16:37:53.319Z ok i523 相依為命 (18KB) [13/150]
2026-08-02T16:38:26.357Z ok i524 形影不離 (16KB) [14/150]
2026-08-02T16:38:52.353Z ok i525 志趣相投 (15KB) [15/150]
2026-08-02T16:39:12.540Z ok i526 青梅竹馬 (13KB) [16/150]
2026-08-02T16:39:33.257Z ok i527 萍水相逢 (12KB) [17/150]
2026-08-02T16:39:44.988Z ok i528 一見如故 (17KB) [18/150]
2026-08-02T16:40:00.442Z ok i529 相見恨晚 (19KB) [19/150]
2026-08-02T16:40:22.862Z ok i530 不打不相識 (13KB) [20/150]
2026-08-02T16:40:41.860Z ok i531 化干戈為玉帛 (20KB) [21/150]
2026-08-02T16:40:56.913Z ok i532 握手言和 (16KB) [22/150]
2026-08-02T16:41:09.111Z ok i533 冰釋前嫌 (14KB) [23/150]
2026-08-02T16:41:33.815Z ok i534 既往不咎 (22KB) [24/150]
2026-08-02T16:41:57.219Z ok i535 寬宏大量 (19KB) [25/150]
2026-08-02T16:42:06.193Z ok i536 斤斤計較 (14KB) [26/150]
2026-08-02T16:42:15.843Z ok i537 錙銖必較 (12KB) [27/150]
2026-08-02T16:42:24.887Z ok i538 唯利是圖 (23KB) [28/150]
2026-08-02T16:42:36.084Z ok i539 見利忘義 (15KB) [29/150]
2026-08-02T16:42:47.907Z ok i540 貪得無厭 (27KB) [30/150]
2026-08-02T16:43:02.321Z ok i541 得寸進尺 (18KB) [31/150]
2026-08-02T16:43:17.279Z ok i542 得隴望蜀 (15KB) [32/150]
2026-08-02T16:43:30.824Z ok i543 安貧樂道 (24KB) [33/150]
2026-08-02T16:43:41.927Z ok i544 安分守己 (18KB) [34/150]
2026-08-02T16:43:58.068Z ok i545 循規蹈矩 (16KB) [35/150]
2026-08-02T16:44:09.679Z ok i546 我行我素 (25KB) [36/150]
2026-08-02T16:44:21.923Z ok i547 一意孤行 (36KB) [37/150]
2026-08-02T16:44:34.225Z ok i548 獨斷獨行 (16KB) [38/150]
2026-08-02T16:44:43.523Z ok i549 當機立斷 (20KB) [39/150]
2026-08-02T16:44:58.868Z ok i550 猶豫不決 (17KB) [40/150]
2026-08-02T16:45:09.830Z ok i551 舉棋不定 (15KB) [41/150]
2026-08-02T16:45:18.568Z ok i552 優柔寡斷 (17KB) [42/150]
2026-08-02T16:45:28.988Z ok i553 深思熟慮 (21KB) [43/150]
2026-08-02T16:45:38.319Z ok i554 深謀遠慮 (21KB) [44/150]
2026-08-02T16:45:48.039Z ok i555 急中生智 (18KB) [45/150]
2026-08-02T16:45:56.386Z ok i556 隨機應變 (19KB) [46/150]
2026-08-02T16:46:06.420Z ok i557 臨渴掘井 (26KB) [47/150]
2026-08-02T16:46:18.732Z ok i558 防患未然 (17KB) [48/150]
2026-08-02T16:46:33.924Z ok i559 亡命之徒 (21KB) [49/150]
2026-08-02T16:46:44.072Z ok i560 無惡不作 (14KB) [50/150]
2026-08-02T16:46:53.222Z ok i561 為非作歹 (16KB) [51/150]
2026-08-02T16:47:02.205Z ok i562 繩之以法 (12KB) [52/150]
2026-08-02T16:47:11.830Z ok i563 天網恢恢 (19KB) [53/150]
2026-08-02T16:47:26.920Z ok i564 水到渠成 (21KB) [54/150]
2026-08-02T16:47:37.182Z ok i565 順水推舟 (11KB) [55/150]
2026-08-02T16:47:52.560Z ok i566 如虎添翼 (15KB) [56/150]
2026-08-02T16:48:02.721Z ok i567 如日中天 (20KB) [57/150]
2026-08-02T16:48:18.567Z ok i568 如釋重負 (13KB) [58/150]
2026-08-02T16:48:39.744Z ok i569 如坐針氈 (12KB) [59/150]
2026-08-02T16:48:54.864Z ok i570 如履薄冰 (17KB) [60/150]
2026-08-02T16:49:03.706Z ok i571 戰戰兢兢 (25KB) [61/150]
2026-08-02T16:49:14.796Z ok i572 千頭萬緒 (31KB) [62/150]
2026-08-02T16:49:25.221Z ok i573 百廢待舉 (29KB) [63/150]
2026-08-02T16:49:35.440Z ok i574 井井有條 (14KB) [64/150]
2026-08-02T16:49:47.038Z ok i575 有聲有色 (21KB) [65/150]
2026-08-02T16:49:56.331Z ok i576 繪聲繪影 (12KB) [66/150]
2026-08-02T16:50:11.482Z ok i577 活靈活現 (17KB) [67/150]
2026-08-02T16:50:33.508Z ok i578 維妙維肖 (14KB) [68/150]
2026-08-02T16:50:43.631Z ok i579 躍然紙上 (18KB) [69/150]
2026-08-02T16:50:54.909Z ok i580 入木三分 (22KB) [70/150]
2026-08-02T16:51:04.947Z ok i581 力透紙背 (27KB) [71/150]
2026-08-02T16:51:14.292Z ok i582 行雲流水 (13KB) [72/150]
2026-08-02T16:51:24.219Z ok i583 一氣呵成 (16KB) [73/150]
2026-08-02T16:51:40.138Z ok i584 字字珠璣 (26KB) [74/150]
2026-08-02T16:51:55.955Z ok i585 妙筆生花 (24KB) [75/150]
2026-08-02T16:52:05.397Z ok i586 神來之筆 (22KB) [76/150]
2026-08-02T16:52:17.576Z ok i587 錦心繡口 (35KB) [77/150]
2026-08-02T16:52:29.309Z ok i588 妙語如珠 (20KB) [78/150]
2026-08-02T16:52:40.836Z ok i589 出口成章 (26KB) [79/150]
2026-08-02T16:52:53.316Z ok i590 引經據典 (20KB) [80/150]
2026-08-02T16:53:08.016Z ok i591 旁徵博引 (13KB) [81/150]
2026-08-02T16:53:17.305Z ok i592 斷章取義 (14KB) [82/150]
2026-08-02T16:53:28.530Z ok i593 望文生義 (20KB) [83/150]
2026-08-02T16:53:37.731Z ok i594 咬文嚼字 (17KB) [84/150]
2026-08-02T16:53:50.321Z ok i595 現身說法 (29KB) [85/150]
2026-08-02T16:54:01.700Z ok i596 班門弄斧 (30KB) [86/150]
2026-08-02T16:54:12.051Z ok i597 獻曝之忱 (17KB) [87/150]
2026-08-02T16:54:24.775Z ok i598 野人獻曝  (17KB) [88/150]
2026-08-02T16:54:34.603Z ok i599 受益匪淺 (21KB) [89/150]
2026-08-02T16:54:46.809Z ok i600 茅塞頓開 (28KB) [90/150]
2026-08-02T16:55:02.292Z ok i601 不恥下問 (30KB) [91/150]
2026-08-02T16:55:13.447Z ok i602 不學無術 (31KB) [92/150]
2026-08-02T16:55:28.571Z ok i603 胸無點墨 (12KB) [93/150]
2026-08-02T16:55:39.851Z ok i604 一知半解 (12KB) [94/150]
2026-08-02T16:55:56.146Z ok i605 生吞活剝 (11KB) [95/150]
2026-08-02T16:56:08.326Z ok i606 舉一隅不以三隅反 (15KB) [96/150]
2026-08-02T16:56:20.507Z ok i607 淺嘗輒止 (15KB) [97/150]
2026-08-02T16:56:30.435Z ok i608 學以致用 (20KB) [98/150]
2026-08-02T16:56:49.198Z ok i609 青出於藍 (20KB) [99/150]
2026-08-02T16:57:03.995Z ok i610 後生可畏 (37KB) [100/150]
2026-08-02T16:57:14.525Z ok i611 長江後浪推前浪 (16KB) [101/150]
2026-08-02T16:57:26.258Z ok i612 薪火相傳 (20KB) [102/150]
2026-08-02T16:57:36.743Z ok i613 一脈相承 (11KB) [103/150]
2026-08-02T16:57:48.334Z ok i614 青黃不接 (12KB) [104/150]
2026-08-02T16:57:57.153Z ok i615 後繼無人 (18KB) [105/150]
2026-08-02T16:58:07.945Z ok i616 任勞任怨 (15KB) [106/150]
2026-08-02T16:58:19.054Z ok i617 鞠躬盡瘁 (28KB) [107/150]
2026-08-02T16:58:28.577Z ok i618 死而後已 (28KB) [108/150]
2026-08-02T16:58:38.305Z ok i619 夙夜匪懈 (15KB) [109/150]
2026-08-02T16:58:48.619Z ok i620 宵衣旰食 (18KB) [110/150]
2026-08-02T16:58:57.996Z ok i621 夜以繼日 (10KB) [111/150]
2026-08-02T16:59:12.173Z ok i622 全力衝刺 (18KB) [112/150]
2026-08-02T16:59:23.113Z ok i623 摩拳擦掌 (13KB) [113/150]
2026-08-02T16:59:33.833Z ok i624 蓄勢待發 (17KB) [114/150]
2026-08-02T16:59:43.723Z ok i625 整裝待發 (16KB) [115/150]
2026-08-02T16:59:55.290Z ok i626 旗開得勝 (21KB) [116/150]
2026-08-02T17:00:06.383Z ok i627 銳不可當 (18KB) [117/150]
2026-08-02T17:00:18.896Z ok i628 乘勝追擊 (19KB) [118/150]
2026-08-02T17:00:29.095Z ok i629 反敗為勝 (20KB) [119/150]
2026-08-02T17:00:47.415Z ok i630 轉危為安 (12KB) [120/150]
2026-08-02T17:01:12.033Z ok i631 化險為夷 (17KB) [121/150]
2026-08-02T17:01:22.134Z ok i632 絕處逢生 (14KB) [122/150]
2026-08-02T17:01:41.893Z ok i633 起死回生 (16KB) [123/150]
2026-08-02T17:02:09.696Z ok i634 妙手回春 (30KB) [124/150]
2026-08-02T17:02:40.222Z ok i635 藥到病除 (11KB) [125/150]
2026-08-02T17:03:18.271Z ok i636 對症下藥 (16KB) [126/150]
2026-08-02T17:03:51.210Z ok i637 因材施教 (16KB) [127/150]
2026-08-02T17:04:02.915Z ok i638 有教無類 (29KB) [128/150]
2026-08-02T17:04:21.188Z ok i639 循循善誘 (17KB) [129/150]
2026-08-02T17:04:44.601Z ok i640 諄諄教誨 (19KB) [130/150]
2026-08-02T17:04:59.635Z ok i641 言猶在耳 (9KB) [131/150]
2026-08-02T17:05:19.985Z ok i642 銘記在心 (12KB) [132/150]
2026-08-02T17:05:32.186Z ok i643 刻骨銘心 (11KB) [133/150]
2026-08-02T17:06:07.483Z ok i644 感恩戴德 (18KB) [134/150]
2026-08-02T17:06:17.624Z ok i645 結草銜環 (20KB) [135/150]
2026-08-02T17:06:27.045Z ok i646 知恩圖報 (24KB) [136/150]
2026-08-02T17:06:37.720Z ok i647 忘恩負義 (13KB) [137/150]
2026-08-02T17:06:53.192Z ok i648 落葉歸根 (17KB) [138/150]
2026-08-02T17:07:09.572Z ok i649 衣錦還鄉 (29KB) [139/150]
2026-08-02T17:07:22.233Z ok i650 光宗耀祖 (24KB) [140/150]
2026-08-02T17:07:31.320Z ok i651 水乳交融 (8KB) [141/150]
2026-08-02T17:07:42.229Z ok i652 唇齒相依 (9KB) [142/150]
2026-08-02T17:08:00.803Z ok i653 休戚與共 (15KB) [143/150]
2026-08-02T17:08:15.472Z ok i654 息息相關 (17KB) [144/150]
2026-08-02T17:08:32.088Z ok i655 榮辱與共 (12KB) [145/150]
2026-08-02T17:08:44.161Z ok i656 相濡以沫 (12KB) [146/150]
2026-08-02T17:08:53.568Z ok i657 和衷共濟 (18KB) [147/150]
2026-08-02T17:09:03.616Z ok i658 眾擎易舉 (16KB) [148/150]
2026-08-02T17:09:13.358Z ok i659 群策群力 (19KB) [149/150]
2026-08-02T17:09:15.858Z done: 149 ok, 1 failed
2026-08-02T17:09:38.098Z start: 142 images to generate
2026-08-02T17:09:47.697Z ok i517 無微不至 (31KB) [1/142]
2026-08-02T17:10:09.023Z ok i660 分崩離析 (14KB) [2/142]
2026-08-02T17:10:27.118Z ok i661 土崩瓦解 (14KB) [3/142]
2026-08-02T17:10:48.773Z ok i662 支離破碎 (23KB) [4/142]
2026-08-02T17:10:59.444Z ok i663 四分五裂 (19KB) [5/142]
2026-08-02T17:11:13.208Z ok i664 貌合神離 (13KB) [6/142]
2026-08-02T17:11:27.332Z ok i665 同床異夢 (13KB) [7/142]
2026-08-02T17:11:37.697Z ok i666 爾虞我詐 (11KB) [8/142]
2026-08-02T17:11:50.031Z ok i667 勾心鬥角 (16KB) [9/142]
2026-08-02T17:12:00.313Z ok i668 暗潮洶湧 (19KB) [10/142]
2026-08-02T17:12:10.164Z ok i669 劍拔弩張 (15KB) [11/142]
2026-08-02T17:12:24.961Z ok i670 一觸即發 (12KB) [12/142]
2026-08-02T17:12:35.574Z ok i671 如火如荼 (29KB) [13/142]
2026-08-02T17:12:49.827Z ok i672 方興未艾 (17KB) [14/142]
2026-08-02T17:12:59.129Z ok i673 蒸蒸日上 (15KB) [15/142]
2026-08-02T17:13:07.544Z ok i674 江河日下 (6KB) [16/142]
2026-08-02T17:13:16.524Z ok i675 日薄西山 (14KB) [17/142]
2026-08-02T17:13:30.788Z ok i676 苟延殘喘 (20KB) [18/142]
2026-08-02T17:13:40.251Z ok i677 迴光返照 (13KB) [19/142]
2026-08-02T17:13:52.343Z ok i678 物換星移 (22KB) [20/142]
2026-08-02T17:14:04.965Z ok i679 時過境遷 (14KB) [21/142]
2026-08-02T17:14:15.635Z ok i680 人事已非 (17KB) [22/142]
2026-08-02T17:14:30.825Z ok i681 物是人非 (33KB) [23/142]
2026-08-02T17:14:43.767Z ok i682 觸景傷情 (32KB) [24/142]
2026-08-02T17:14:56.323Z ok i683 睹物思人 (18KB) [25/142]
2026-08-02T17:15:05.726Z ok i684 不勝唏噓 (12KB) [26/142]
2026-08-02T17:15:24.961Z ok i685 感慨萬千 (26KB) [27/142]
2026-08-02T17:15:42.827Z ok i686 撫今追昔 (21KB) [28/142]
2026-08-02T17:15:59.800Z ok i687 繼往開來 (30KB) [29/142]
2026-08-02T17:16:16.457Z ok i688 承先啟後 (14KB) [30/142]
2026-08-02T17:16:40.810Z ok i689 高屋建瓴 (25KB) [31/142]
2026-08-02T17:16:58.446Z ok i690 提綱挈領 (26KB) [32/142]
2026-08-02T17:17:12.545Z ok i691 綱舉目張 (17KB) [33/142]
2026-08-02T17:17:30.894Z ok i692 居高臨下 (13KB) [34/142]
2026-08-02T17:17:43.950Z ok i693 見微知著 (19KB) [35/142]
2026-08-02T17:17:54.517Z ok i694 洞若觀火 (12KB) [36/142]
2026-08-02T17:18:09.619Z ok i695 洞燭機先 (15KB) [37/142]
2026-08-02T17:18:19.779Z ok i696 未卜先知 (27KB) [38/142]
2026-08-02T17:18:30.705Z ok i697 料事如神 (17KB) [39/142]
2026-08-02T17:18:42.473Z ok i698 運籌帷幄 (32KB) [40/142]
2026-08-02T17:18:57.091Z ok i699 決勝千里 (30KB) [41/142]
2026-08-02T17:19:06.679Z ok i700 神機妙算 (13KB) [42/142]
2026-08-02T17:19:15.770Z ok i701 壯士斷腕 (15KB) [43/142]
2026-08-02T17:19:33.610Z ok i702 縱橫捭闔 (23KB) [44/142]
2026-08-02T17:19:47.720Z ok i703 孤注一擲 (15KB) [45/142]
2026-08-02T17:20:02.561Z ok i704 背城借一 (19KB) [46/142]
2026-08-02T17:20:16.654Z ok i705 義無反顧 (21KB) [47/142]
2026-08-02T17:20:34.756Z ok i706 勇往直前 (20KB) [48/142]
2026-08-02T17:20:43.684Z ok i707 披堅執銳 (12KB) [49/142]
2026-08-02T17:20:58.023Z ok i708 身先士卒 (16KB) [50/142]
2026-08-02T17:21:11.356Z ok i709 以身作則 (31KB) [51/142]
2026-08-02T17:21:24.769Z ok i710 上行下效 (24KB) [52/142]
2026-08-02T17:21:39.415Z ok i711 風行草偃 (21KB) [53/142]
2026-08-02T17:21:50.697Z ok i712 蔚然成風 (13KB) [54/142]
2026-08-02T17:22:05.478Z ok i713 移風易俗 (42KB) [55/142]
2026-08-02T17:22:21.670Z ok i714 潛移默化 (15KB) [56/142]
2026-08-02T17:22:32.160Z ok i715 近朱者赤 (9KB) [57/142]
2026-08-02T17:22:48.080Z ok i716 蓬生麻中 (46KB) [58/142]
2026-08-02T17:23:06.132Z ok i717 孟母三遷 (15KB) [59/142]
2026-08-02T17:23:20.523Z ok i718 斷機教子 (24KB) [60/142]
2026-08-02T17:23:36.106Z ok i719 曲高和寡 (20KB) [61/142]
2026-08-02T17:23:50.697Z ok i720 陽春白雪 (26KB) [62/142]
2026-08-02T17:24:03.915Z ok i721 下里巴人 (33KB) [63/142]
2026-08-02T17:24:17.219Z ok i722 雅俗共賞 (33KB) [64/142]
2026-08-02T17:24:27.097Z ok i723 交口稱譽 (18KB) [65/142]
2026-08-02T17:24:36.496Z ok i724 餘音繞梁 (29KB) [66/142]
2026-08-02T17:24:57.211Z ok i725 萬人空巷 (41KB) [67/142]
2026-08-02T17:25:06.892Z ok i726 擲地有聲 (18KB) [68/142]
2026-08-02T17:25:28.328Z ok i727 鏗鏘有力 (18KB) [69/142]
2026-08-02T17:25:44.211Z ok i728 振聾發聵 (15KB) [70/142]
2026-08-02T17:25:54.572Z ok i729 發人深省 (13KB) [71/142]
2026-08-02T17:26:03.948Z ok i730 暮鼓晨鐘 (24KB) [72/142]
2026-08-02T17:26:17.136Z ok i731 當頭棒喝 (25KB) [73/142]
2026-08-02T17:26:26.773Z ok i732 空谷足音 (11KB) [74/142]
2026-08-02T17:26:36.959Z ok i733 如雷貫耳 (25KB) [75/142]
2026-08-02T17:26:46.424Z ok i734 名聞遐邇 (18KB) [76/142]
2026-08-02T17:26:56.362Z ok i735 遺臭萬年 (27KB) [77/142]
2026-08-02T17:27:11.128Z ok i736 後患無窮 (17KB) [78/142]
2026-08-02T17:27:20.543Z ok i737 養虎遺患 (18KB) [79/142]
2026-08-02T17:27:36.294Z ok i738 放虎歸山 (31KB) [80/142]
2026-08-02T17:27:45.863Z ok i739 斬草除根 (20KB) [81/142]
2026-08-02T17:28:00.083Z ok i740 釜底抽薪 (21KB) [82/142]
2026-08-02T17:28:10.055Z ok i741 揚湯止沸 (14KB) [83/142]
2026-08-02T17:28:21.071Z ok i742 頭痛醫頭 (16KB) [84/142]
2026-08-02T17:28:36.257Z ok i743 輕重倒置 (15KB) [85/142]
2026-08-02T17:28:49.954Z ok i744 本末倒置 (12KB) [86/142]
2026-08-02T17:29:00.029Z ok i745 喧賓奪主 (33KB) [87/142]
2026-08-02T17:29:08.815Z ok i746 畫地自限 (12KB) [88/142]
2026-08-02T17:29:17.816Z ok i747 故步自封 (21KB) [89/142]
2026-08-02T17:29:20.675Z FAIL i748 墨守成規: HTTP 429 {
  "error": {
    "code": 429,
    "message": "Your prepayment credits are depleted. Please go to AI Studio at https://ai.studio/projects to manage your project and billing. Learn more at https://ai.
2026-08-02T17:29:20.676Z rate limited — sleeping 60s
2026-08-02T17:30:23.592Z FAIL i749 抱殘守缺: HTTP 429 {
  "error": {
    "code": 429,
    "message": "Your prepayment credits are depleted. Please go to AI Studio at https://ai.studio/projects to manage your project and billing. Learn more at https://ai.
2026-08-02T17:30:23.592Z rate limited — sleeping 60s
2026-08-02T17:31:26.497Z FAIL i750 推陳出新: HTTP 429 {
  "error": {
    "code": 429,
    "message": "Your prepayment credits are depleted. Please go to AI Studio at https://ai.studio/projects to manage your project and billing. Learn more at https://ai.
2026-08-02T17:31:26.497Z rate limited — sleeping 60s
2026-08-02T17:32:29.383Z FAIL i751 標新立異: HTTP 429 {
  "error": {
    "code": 429,
    "message": "Your prepayment credits are depleted. Please go to AI Studio at https://ai.studio/projects to manage your project and billing. Learn more at https://ai.
2026-08-02T17:32:29.383Z rate limited — sleeping 60s
2026-08-02T17:33:32.283Z FAIL i752 獨樹一幟: HTTP 429 {
  "error": {
    "code": 429,
    "message": "Your prepayment credits are depleted. Please go to AI Studio at https://ai.studio/projects to manage your project and billing. Learn more at https://ai.
2026-08-02T17:33:32.283Z rate limited — sleeping 60s
2026-08-02T17:34:35.152Z FAIL i753 別開生面: HTTP 429 {
  "error": {
    "code": 429,
    "message": "Your prepayment credits are depleted. Please go to AI Studio at https://ai.studio/projects to manage your project and billing. Learn more at https://ai.
2026-08-02T17:34:35.152Z rate limited — sleeping 60s
2026-08-02T17:35:38.071Z FAIL i754 耳目一新: HTTP 429 {
  "error": {
    "code": 429,
    "message": "Your prepayment credits are depleted. Please go to AI Studio at https://ai.studio/projects to manage your project and billing. Learn more at https://ai.
2026-08-02T17:35:38.071Z rate limited — sleeping 60s
2026-08-02T17:36:40.943Z FAIL i755 獨當一面: HTTP 429 {
  "error": {
    "code": 429,
    "message": "Your prepayment credits are depleted. Please go to AI Studio at https://ai.studio/projects to manage your project and billing. Learn more at https://ai.
2026-08-02T17:36:40.943Z rate limited — sleeping 60s
2026-08-02T17:37:43.861Z FAIL i756 獨占鰲頭: HTTP 429 {
  "error": {
    "code": 429,
    "message": "Your prepayment credits are depleted. Please go to AI Studio at https://ai.studio/projects to manage your project and billing. Learn more at https://ai.
2026-08-02T17:37:43.861Z rate limited — sleeping 60s
2026-08-02T17:38:46.754Z FAIL i757 金榜題名: HTTP 429 {
  "error": {
    "code": 429,
    "message": "Your prepayment credits are depleted. Please go to AI Studio at https://ai.studio/projects to manage your project and billing. Learn more at https://ai.
2026-08-02T17:38:46.755Z rate limited — sleeping 60s
2026-08-02T17:39:49.670Z FAIL i758 蟾宮折桂: HTTP 429 {
  "error": {
    "code": 429,
    "message": "Your prepayment credits are depleted. Please go to AI Studio at https://ai.studio/projects to manage your project and billing. Learn more at https://ai.
2026-08-02T17:39:49.670Z rate limited — sleeping 60s
2026-08-02T17:40:52.601Z FAIL i759 平步青雲: HTTP 429 {
  "error": {
    "code": 429,
    "message": "Your prepayment credits are depleted. Please go to AI Studio at https://ai.studio/projects to manage your project and billing. Learn more at https://ai.
2026-08-02T17:40:52.601Z rate limited — sleeping 60s
2026-08-02T17:41:55.481Z FAIL i760 扶搖直上: HTTP 429 {
  "error": {
    "code": 429,
    "message": "Your prepayment credits are depleted. Please go to AI Studio at https://ai.studio/projects to manage your project and billing. Learn more at https://ai.
2026-08-02T17:41:55.482Z rate limited — sleeping 60s
2026-08-02T17:42:58.405Z FAIL i761 一落千丈: HTTP 429 {
  "error": {
    "code": 429,
    "message": "Your prepayment credits are depleted. Please go to AI Studio at https://ai.studio/projects to manage your project and billing. Learn more at https://ai.
2026-08-02T17:42:58.405Z rate limited — sleeping 60s
2026-08-02T17:44:01.332Z FAIL i762 一蹶不振: HTTP 429 {
  "error": {
    "code": 429,
    "message": "Your prepayment credits are depleted. Please go to AI Studio at https://ai.studio/projects to manage your project and billing. Learn more at https://ai.
2026-08-02T17:44:01.332Z rate limited — sleeping 60s
2026-08-02T17:45:04.274Z FAIL i763 東窗事發: HTTP 429 {
  "error": {
    "code": 429,
    "message": "Your prepayment credits are depleted. Please go to AI Studio at https://ai.studio/projects to manage your project and billing. Learn more at https://ai.
2026-08-02T17:45:04.274Z rate limited — sleeping 60s
2026-08-02T17:46:07.147Z FAIL i764 紙包不住火: HTTP 429 {
  "error": {
    "code": 429,
    "message": "Your prepayment credits are depleted. Please go to AI Studio at https://ai.studio/projects to manage your project and billing. Learn more at https://ai.
2026-08-02T17:46:07.147Z rate limited — sleeping 60s
2026-08-02T17:47:10.083Z FAIL i765 欲蓋彌彰: HTTP 429 {
  "error": {
    "code": 429,
    "message": "Your prepayment credits are depleted. Please go to AI Studio at https://ai.studio/projects to manage your project and billing. Learn more at https://ai.
2026-08-02T17:47:10.084Z rate limited — sleeping 60s
2026-08-02T17:48:13.057Z FAIL i766 此地無銀三百兩: HTTP 429 {
  "error": {
    "code": 429,
    "message": "Your prepayment credits are depleted. Please go to AI Studio at https://ai.studio/projects to manage your project and billing. Learn more at https://ai.
2026-08-02T17:48:13.058Z rate limited — sleeping 60s
2026-08-02T17:49:15.963Z FAIL i767 不打自招: HTTP 429 {
  "error": {
    "code": 429,
    "message": "Your prepayment credits are depleted. Please go to AI Studio at https://ai.studio/projects to manage your project and billing. Learn more at https://ai.
2026-08-02T17:49:15.963Z rate limited — sleeping 60s
2026-08-02T17:50:18.859Z FAIL i768 做賊心虛: HTTP 429 {
  "error": {
    "code": 429,
    "message": "Your prepayment credits are depleted. Please go to AI Studio at https://ai.studio/projects to manage your project and billing. Learn more at https://ai.
2026-08-02T17:50:18.859Z rate limited — sleeping 60s
2026-08-02T17:51:21.822Z FAIL i769 問心無愧: HTTP 429 {
  "error": {
    "code": 429,
    "message": "Your prepayment credits are depleted. Please go to AI Studio at https://ai.studio/projects to manage your project and billing. Learn more at https://ai.
2026-08-02T17:51:21.822Z rate limited — sleeping 60s
2026-08-02T17:52:24.756Z FAIL i770 俯仰無愧: HTTP 429 {
  "error": {
    "code": 429,
    "message": "Your prepayment credits are depleted. Please go to AI Studio at https://ai.studio/projects to manage your project and billing. Learn more at https://ai.
2026-08-02T17:52:24.756Z rate limited — sleeping 60s
2026-08-02T17:53:27.682Z FAIL i771 光明磊落: HTTP 429 {
  "error": {
    "code": 429,
    "message": "Your prepayment credits are depleted. Please go to AI Studio at https://ai.studio/projects to manage your project and billing. Learn more at https://ai.
2026-08-02T17:53:27.682Z rate limited — sleeping 60s
2026-08-02T17:54:30.532Z FAIL i772 高風亮節: HTTP 429 {
  "error": {
    "code": 429,
    "message": "Your prepayment credits are depleted. Please go to AI Studio at https://ai.studio/projects to manage your project and billing. Learn more at https://ai.
2026-08-02T17:54:30.532Z rate limited — sleeping 60s
2026-08-02T17:55:33.506Z FAIL i773 潔身自愛: HTTP 429 {
  "error": {
    "code": 429,
    "message": "Your prepayment credits are depleted. Please go to AI Studio at https://ai.studio/projects to manage your project and billing. Learn more at https://ai.
2026-08-02T17:55:33.506Z rate limited — sleeping 60s
2026-08-02T17:56:36.419Z FAIL i774 出淤泥而不染: HTTP 429 {
  "error": {
    "code": 429,
    "message": "Your prepayment credits are depleted. Please go to AI Studio at https://ai.studio/projects to manage your project and billing. Learn more at https://ai.
2026-08-02T17:56:36.419Z rate limited — sleeping 60s
2026-08-02T17:57:39.328Z FAIL i775 同流合汙: HTTP 429 {
  "error": {
    "code": 429,
    "message": "Your prepayment credits are depleted. Please go to AI Studio at https://ai.studio/projects to manage your project and billing. Learn more at https://ai.
2026-08-02T17:57:39.328Z rate limited — sleeping 60s
2026-08-02T17:58:42.218Z FAIL i776 狼狽為奸: HTTP 429 {
  "error": {
    "code": 429,
    "message": "Your prepayment credits are depleted. Please go to AI Studio at https://ai.studio/projects to manage your project and billing. Learn more at https://ai.
2026-08-02T17:58:42.218Z rate limited — sleeping 60s
2026-08-02T17:59:45.124Z FAIL i777 助紂為虐: HTTP 429 {
  "error": {
    "code": 429,
    "message": "Your prepayment credits are depleted. Please go to AI Studio at https://ai.studio/projects to manage your project and billing. Learn more at https://ai.
2026-08-02T17:59:45.124Z rate limited — sleeping 60s
2026-08-02T18:00:48.064Z FAIL i778 為虎作倀: HTTP 429 {
  "error": {
    "code": 429,
    "message": "Your prepayment credits are depleted. Please go to AI Studio at https://ai.studio/projects to manage your project and billing. Learn more at https://ai.
2026-08-02T18:00:48.064Z rate limited — sleeping 60s
2026-08-02T18:01:50.983Z FAIL i779 仗義執言: HTTP 429 {
  "error": {
    "code": 429,
    "message": "Your prepayment credits are depleted. Please go to AI Studio at https://ai.studio/projects to manage your project and billing. Learn more at https://ai.
2026-08-02T18:01:50.983Z rate limited — sleeping 60s
2026-08-02T18:02:53.947Z FAIL i780 捨己為人: HTTP 429 {
  "error": {
    "code": 429,
    "message": "Your prepayment credits are depleted. Please go to AI Studio at https://ai.studio/projects to manage your project and billing. Learn more at https://ai.
2026-08-02T18:02:53.947Z rate limited — sleeping 60s
2026-08-02T18:03:56.870Z FAIL i781 急公好義: HTTP 429 {
  "error": {
    "code": 429,
    "message": "Your prepayment credits are depleted. Please go to AI Studio at https://ai.studio/projects to manage your project and billing. Learn more at https://ai.
2026-08-02T18:03:56.870Z rate limited — sleeping 60s
2026-08-02T18:04:59.815Z FAIL i782 拔刀相助: HTTP 429 {
  "error": {
    "code": 429,
    "message": "Your prepayment credits are depleted. Please go to AI Studio at https://ai.studio/projects to manage your project and billing. Learn more at https://ai.
2026-08-02T18:04:59.815Z rate limited — sleeping 60s
2026-08-02T18:06:02.761Z FAIL i783 有志竟成: HTTP 429 {
  "error": {
    "code": 429,
    "message": "Your prepayment credits are depleted. Please go to AI Studio at https://ai.studio/projects to manage your project and billing. Learn more at https://ai.
2026-08-02T18:06:02.761Z rate limited — sleeping 60s
2026-08-02T18:07:05.693Z FAIL i784 精衛填海: HTTP 429 {
  "error": {
    "code": 429,
    "message": "Your prepayment credits are depleted. Please go to AI Studio at https://ai.studio/projects to manage your project and billing. Learn more at https://ai.
2026-08-02T18:07:05.694Z rate limited — sleeping 60s
2026-08-02T18:08:08.628Z FAIL i785 夸父追日: HTTP 429 {
  "error": {
    "code": 429,
    "message": "Your prepayment credits are depleted. Please go to AI Studio at https://ai.studio/projects to manage your project and billing. Learn more at https://ai.
2026-08-02T18:08:08.628Z rate limited — sleeping 60s
2026-08-02T18:09:11.520Z FAIL i786 磨杵成針: HTTP 429 {
  "error": {
    "code": 429,
    "message": "Your prepayment credits are depleted. Please go to AI Studio at https://ai.studio/projects to manage your project and billing. Learn more at https://ai.
2026-08-02T18:09:11.520Z rate limited — sleeping 60s
2026-08-02T18:10:14.457Z FAIL i787 跛鱉千里: HTTP 429 {
  "error": {
    "code": 429,
    "message": "Your prepayment credits are depleted. Please go to AI Studio at https://ai.studio/projects to manage your project and billing. Learn more at https://ai.
2026-08-02T18:10:14.457Z rate limited — sleeping 60s
2026-08-02T18:11:17.358Z FAIL i788 駑馬十駕: HTTP 429 {
  "error": {
    "code": 429,
    "message": "Your prepayment credits are depleted. Please go to AI Studio at https://ai.studio/projects to manage your project and billing. Learn more at https://ai.
2026-08-02T18:11:17.358Z rate limited — sleeping 60s
2026-08-02T18:12:20.228Z FAIL i789 笨鳥先飛: HTTP 429 {
  "error": {
    "code": 429,
    "message": "Your prepayment credits are depleted. Please go to AI Studio at https://ai.studio/projects to manage your project and billing. Learn more at https://ai.
2026-08-02T18:12:20.228Z rate limited — sleeping 60s
2026-08-02T18:13:23.125Z FAIL i790 懸崖勒馬: HTTP 429 {
  "error": {
    "code": 429,
    "message": "Your prepayment credits are depleted. Please go to AI Studio at https://ai.studio/projects to manage your project and billing. Learn more at https://ai.
2026-08-02T18:13:23.126Z rate limited — sleeping 60s
2026-08-02T18:14:26.041Z FAIL i791 見賢思齊: HTTP 429 {
  "error": {
    "code": 429,
    "message": "Your prepayment credits are depleted. Please go to AI Studio at https://ai.studio/projects to manage your project and billing. Learn more at https://ai.
2026-08-02T18:14:26.041Z rate limited — sleeping 60s
2026-08-02T18:15:28.958Z FAIL i792 三省吾身: HTTP 429 {
  "error": {
    "code": 429,
    "message": "Your prepayment credits are depleted. Please go to AI Studio at https://ai.studio/projects to manage your project and billing. Learn more at https://ai.
2026-08-02T18:15:28.958Z rate limited — sleeping 60s
2026-08-02T18:16:31.936Z FAIL i793 迷途知返: HTTP 429 {
  "error": {
    "code": 429,
    "message": "Your prepayment credits are depleted. Please go to AI Studio at https://ai.studio/projects to manage your project and billing. Learn more at https://ai.
2026-08-02T18:16:31.936Z rate limited — sleeping 60s
2026-08-02T18:17:34.902Z FAIL i794 從善如流: HTTP 429 {
  "error": {
    "code": 429,
    "message": "Your prepayment credits are depleted. Please go to AI Studio at https://ai.studio/projects to manage your project and billing. Learn more at https://ai.
2026-08-02T18:17:34.903Z rate limited — sleeping 60s
2026-08-02T18:18:37.782Z FAIL i795 虛懷若谷: HTTP 429 {
  "error": {
    "code": 429,
    "message": "Your prepayment credits are depleted. Please go to AI Studio at https://ai.studio/projects to manage your project and billing. Learn more at https://ai.
2026-08-02T18:18:37.782Z rate limited — sleeping 60s
2026-08-02T18:19:40.679Z FAIL i796 浪子回頭: HTTP 429 {
  "error": {
    "code": 429,
    "message": "Your prepayment credits are depleted. Please go to AI Studio at https://ai.studio/projects to manage your project and billing. Learn more at https://ai.
2026-08-02T18:19:40.679Z rate limited — sleeping 60s
2026-08-02T18:20:43.512Z FAIL i797 功成不居: HTTP 429 {
  "error": {
    "code": 429,
    "message": "Your prepayment credits are depleted. Please go to AI Studio at https://ai.studio/projects to manage your project and billing. Learn more at https://ai.
2026-08-02T18:20:43.513Z rate limited — sleeping 60s
2026-08-02T18:21:46.371Z FAIL i798 居功厥偉: HTTP 429 {
  "error": {
    "code": 429,
    "message": "Your prepayment credits are depleted. Please go to AI Studio at https://ai.studio/projects to manage your project and billing. Learn more at https://ai.
2026-08-02T18:21:46.372Z rate limited — sleeping 60s
2026-08-02T18:22:49.269Z FAIL i799 汗馬功勞: HTTP 429 {
  "error": {
    "code": 429,
    "message": "Your prepayment credits are depleted. Please go to AI Studio at https://ai.studio/projects to manage your project and billing. Learn more at https://ai.
2026-08-02T18:22:49.269Z rate limited — sleeping 60s
2026-08-02T18:23:52.154Z FAIL i800 功敗垂成: HTTP 429 {
  "error": {
    "code": 429,
    "message": "Your prepayment credits are depleted. Please go to AI Studio at https://ai.studio/projects to manage your project and billing. Learn more at https://ai.
2026-08-02T18:23:52.154Z rate limited — sleeping 60s
2026-08-02T18:24:54.713Z done: 89 ok, 53 failed
2026-08-02T18:26:11.609Z start: 53 images to generate
2026-08-02T18:26:11.972Z FAIL i748 墨守成規: HTTP 429 {
  "error": {
    "code": 429,
    "message": "Your prepayment credits are depleted. Please go to AI Studio at https://ai.studio/projects to manage your project and billing. Learn more at https://ai.
2026-08-02T18:26:11.973Z rate limited — sleeping 60s
2026-08-27T14:03:04.047Z 沒有缺圖，什麼都不用做
2026-08-27T14:03:04.080Z 沒有缺圖，什麼都不用做
